---
source: crates/ruff_linter/src/rules/flake8_pyi/mod.rs
---
PYI030.py:9:9: PYI030 [*] Multiple literal members in a union. Use a single literal, e.g. `Literal[1, 2]`
   |
 8 | # Should emit for duplicate field types.
 9 | field2: Literal[1] | Literal[2]  # Error
   |         ^^^^^^^^^^^^^^^^^^^^^^^ PYI030
10 |
11 | # Should emit for union types in arguments.
   |
   = help: Replace with a single `Literal`

ℹ Safe fix
6  6  | field1: Literal[1]  # OK
7  7  | 
8  8  | # Should emit for duplicate field types.
9     |-field2: Literal[1] | Literal[2]  # Error
   9  |+field2: Literal[1, 2]  # Error
10 10 | 
11 11 | # Should emit for union types in arguments.
12 12 | def func1(arg1: Literal[1] | Literal[2]):  # Error

PYI030.py:12:17: PYI030 [*] Multiple literal members in a union. Use a single literal, e.g. `Literal[1, 2]`
   |
11 | # Should emit for union types in arguments.
12 | def func1(arg1: Literal[1] | Literal[2]):  # Error
   |                 ^^^^^^^^^^^^^^^^^^^^^^^ PYI030
13 |     print(arg1)
   |
   = help: Replace with a single `Literal`

ℹ Safe fix
9  9  | field2: Literal[1] | Literal[2]  # Error
10 10 | 
11 11 | # Should emit for union types in arguments.
12    |-def func1(arg1: Literal[1] | Literal[2]):  # Error
   12 |+def func1(arg1: Literal[1, 2]):  # Error
13 13 |     print(arg1)
14 14 | 
15 15 | 

PYI030.py:17:16: PYI030 [*] Multiple literal members in a union. Use a single literal, e.g. `Literal[1, 2]`
   |
16 | # Should emit for unions in return types.
17 | def func2() -> Literal[1] | Literal[2]:  # Error
   |                ^^^^^^^^^^^^^^^^^^^^^^^ PYI030
18 |     return "my Literal[1]ing"
   |
   = help: Replace with a single `Literal`

ℹ Safe fix
14 14 | 
15 15 | 
16 16 | # Should emit for unions in return types.
17    |-def func2() -> Literal[1] | Literal[2]:  # Error
   17 |+def func2() -> Literal[1, 2]:  # Error
18 18 |     return "my Literal[1]ing"
19 19 | 
20 20 | 

PYI030.py:22:9: PYI030 [*] Multiple literal members in a union. Use a single literal, e.g. `Literal[1, 2]`
   |
21 | # Should emit in longer unions, even if not directly adjacent.
22 | field3: Literal[1] | Literal[2] | str  # Error
   |         ^^^^^^^^^^^^^^^^^^^^^^^^^^^^^ PYI030
23 | field4: str | Literal[1] | Literal[2]  # Error
24 | field5: Literal[1] | str | Literal[2]  # Error
   |
   = help: Replace with a single `Literal`

ℹ Safe fix
19 19 | 
20 20 | 
21 21 | # Should emit in longer unions, even if not directly adjacent.
22    |-field3: Literal[1] | Literal[2] | str  # Error
   22 |+field3: Literal[1, 2] | str  # Error
23 23 | field4: str | Literal[1] | Literal[2]  # Error
24 24 | field5: Literal[1] | str | Literal[2]  # Error
25 25 | field6: Literal[1] | bool | Literal[2] | str  # Error

PYI030.py:23:9: PYI030 [*] Multiple literal members in a union. Use a single literal, e.g. `Literal[1, 2]`
   |
21 | # Should emit in longer unions, even if not directly adjacent.
22 | field3: Literal[1] | Literal[2] | str  # Error
23 | field4: str | Literal[1] | Literal[2]  # Error
   |         ^^^^^^^^^^^^^^^^^^^^^^^^^^^^^ PYI030
24 | field5: Literal[1] | str | Literal[2]  # Error
25 | field6: Literal[1] | bool | Literal[2] | str  # Error
   |
   = help: Replace with a single `Literal`

ℹ Safe fix
20 20 | 
21 21 | # Should emit in longer unions, even if not directly adjacent.
22 22 | field3: Literal[1] | Literal[2] | str  # Error
23    |-field4: str | Literal[1] | Literal[2]  # Error
   23 |+field4: Literal[1, 2] | str  # Error
24 24 | field5: Literal[1] | str | Literal[2]  # Error
25 25 | field6: Literal[1] | bool | Literal[2] | str  # Error
26 26 | 

PYI030.py:24:9: PYI030 [*] Multiple literal members in a union. Use a single literal, e.g. `Literal[1, 2]`
   |
22 | field3: Literal[1] | Literal[2] | str  # Error
23 | field4: str | Literal[1] | Literal[2]  # Error
24 | field5: Literal[1] | str | Literal[2]  # Error
   |         ^^^^^^^^^^^^^^^^^^^^^^^^^^^^^ PYI030
25 | field6: Literal[1] | bool | Literal[2] | str  # Error
   |
   = help: Replace with a single `Literal`

ℹ Safe fix
21 21 | # Should emit in longer unions, even if not directly adjacent.
22 22 | field3: Literal[1] | Literal[2] | str  # Error
23 23 | field4: str | Literal[1] | Literal[2]  # Error
24    |-field5: Literal[1] | str | Literal[2]  # Error
   24 |+field5: Literal[1, 2] | str  # Error
25 25 | field6: Literal[1] | bool | Literal[2] | str  # Error
26 26 | 
27 27 | # Should emit for non-type unions.

PYI030.py:25:9: PYI030 [*] Multiple literal members in a union. Use a single literal, e.g. `Literal[1, 2]`
   |
23 | field4: str | Literal[1] | Literal[2]  # Error
24 | field5: Literal[1] | str | Literal[2]  # Error
25 | field6: Literal[1] | bool | Literal[2] | str  # Error
   |         ^^^^^^^^^^^^^^^^^^^^^^^^^^^^^^^^^^^^ PYI030
26 |
27 | # Should emit for non-type unions.
   |
   = help: Replace with a single `Literal`

ℹ Safe fix
22 22 | field3: Literal[1] | Literal[2] | str  # Error
23 23 | field4: str | Literal[1] | Literal[2]  # Error
24 24 | field5: Literal[1] | str | Literal[2]  # Error
25    |-field6: Literal[1] | bool | Literal[2] | str  # Error
   25 |+field6: Literal[1, 2] | bool | str  # Error
26 26 | 
27 27 | # Should emit for non-type unions.
28 28 | field7 = Literal[1] | Literal[2]  # Error

PYI030.py:28:10: PYI030 [*] Multiple literal members in a union. Use a single literal, e.g. `Literal[1, 2]`
   |
27 | # Should emit for non-type unions.
28 | field7 = Literal[1] | Literal[2]  # Error
   |          ^^^^^^^^^^^^^^^^^^^^^^^ PYI030
29 |
30 | # Should emit for parenthesized unions.
   |
   = help: Replace with a single `Literal`

ℹ Safe fix
25 25 | field6: Literal[1] | bool | Literal[2] | str  # Error
26 26 | 
27 27 | # Should emit for non-type unions.
28    |-field7 = Literal[1] | Literal[2]  # Error
   28 |+field7 = Literal[1, 2]  # Error
29 29 | 
30 30 | # Should emit for parenthesized unions.
31 31 | field8: Literal[1] | (Literal[2] | str)  # Error

PYI030.py:31:9: PYI030 [*] Multiple literal members in a union. Use a single literal, e.g. `Literal[1, 2]`
   |
30 | # Should emit for parenthesized unions.
31 | field8: Literal[1] | (Literal[2] | str)  # Error
   |         ^^^^^^^^^^^^^^^^^^^^^^^^^^^^^^^ PYI030
32 |
33 | # Should handle user parentheses when fixing.
   |
   = help: Replace with a single `Literal`

ℹ Safe fix
28 28 | field7 = Literal[1] | Literal[2]  # Error
29 29 | 
30 30 | # Should emit for parenthesized unions.
31    |-field8: Literal[1] | (Literal[2] | str)  # Error
   31 |+field8: Literal[1, 2] | str  # Error
32 32 | 
33 33 | # Should handle user parentheses when fixing.
34 34 | field9: Literal[1] | (Literal[2] | str)  # Error

PYI030.py:34:9: PYI030 [*] Multiple literal members in a union. Use a single literal, e.g. `Literal[1, 2]`
   |
33 | # Should handle user parentheses when fixing.
34 | field9: Literal[1] | (Literal[2] | str)  # Error
   |         ^^^^^^^^^^^^^^^^^^^^^^^^^^^^^^^ PYI030
35 | field10: (Literal[1] | str) | Literal[2]  # Error
   |
   = help: Replace with a single `Literal`

ℹ Safe fix
31 31 | field8: Literal[1] | (Literal[2] | str)  # Error
32 32 | 
33 33 | # Should handle user parentheses when fixing.
34    |-field9: Literal[1] | (Literal[2] | str)  # Error
   34 |+field9: Literal[1, 2] | str  # Error
35 35 | field10: (Literal[1] | str) | Literal[2]  # Error
36 36 | 
37 37 | # Should emit for union in generic parent type.

PYI030.py:35:10: PYI030 [*] Multiple literal members in a union. Use a single literal, e.g. `Literal[1, 2]`
   |
33 | # Should handle user parentheses when fixing.
34 | field9: Literal[1] | (Literal[2] | str)  # Error
35 | field10: (Literal[1] | str) | Literal[2]  # Error
   |          ^^^^^^^^^^^^^^^^^^^^^^^^^^^^^^^ PYI030
36 |
37 | # Should emit for union in generic parent type.
   |
   = help: Replace with a single `Literal`

ℹ Safe fix
32 32 | 
33 33 | # Should handle user parentheses when fixing.
34 34 | field9: Literal[1] | (Literal[2] | str)  # Error
35    |-field10: (Literal[1] | str) | Literal[2]  # Error
   35 |+field10: Literal[1, 2] | str  # Error
36 36 | 
37 37 | # Should emit for union in generic parent type.
38 38 | field11: dict[Literal[1] | Literal[2], str]  # Error

PYI030.py:38:15: PYI030 [*] Multiple literal members in a union. Use a single literal, e.g. `Literal[1, 2]`
   |
37 | # Should emit for union in generic parent type.
38 | field11: dict[Literal[1] | Literal[2], str]  # Error
   |               ^^^^^^^^^^^^^^^^^^^^^^^ PYI030
39 |
40 | # Should emit for unions with more than two cases
   |
   = help: Replace with a single `Literal`

ℹ Safe fix
35 35 | field10: (Literal[1] | str) | Literal[2]  # Error
36 36 | 
37 37 | # Should emit for union in generic parent type.
38    |-field11: dict[Literal[1] | Literal[2], str]  # Error
   38 |+field11: dict[Literal[1, 2], str]  # Error
39 39 | 
40 40 | # Should emit for unions with more than two cases
41 41 | field12: Literal[1] | Literal[2] | Literal[3]  # Error

PYI030.py:41:10: PYI030 [*] Multiple literal members in a union. Use a single literal, e.g. `Literal[1, 2, 3]`
   |
40 | # Should emit for unions with more than two cases
41 | field12: Literal[1] | Literal[2] | Literal[3]  # Error
   |          ^^^^^^^^^^^^^^^^^^^^^^^^^^^^^^^^^^^^ PYI030
42 | field13: Literal[1] | Literal[2] | Literal[3] | Literal[4]  # Error
   |
   = help: Replace with a single `Literal`

ℹ Safe fix
38 38 | field11: dict[Literal[1] | Literal[2], str]  # Error
39 39 | 
40 40 | # Should emit for unions with more than two cases
41    |-field12: Literal[1] | Literal[2] | Literal[3]  # Error
   41 |+field12: Literal[1, 2, 3]  # Error
42 42 | field13: Literal[1] | Literal[2] | Literal[3] | Literal[4]  # Error
43 43 | 
44 44 | # Should emit for unions with more than two cases, even if not directly adjacent

PYI030.py:42:10: PYI030 [*] Multiple literal members in a union. Use a single literal, e.g. `Literal[1, 2, 3, 4]`
   |
40 | # Should emit for unions with more than two cases
41 | field12: Literal[1] | Literal[2] | Literal[3]  # Error
42 | field13: Literal[1] | Literal[2] | Literal[3] | Literal[4]  # Error
   |          ^^^^^^^^^^^^^^^^^^^^^^^^^^^^^^^^^^^^^^^^^^^^^^^^^ PYI030
43 |
44 | # Should emit for unions with more than two cases, even if not directly adjacent
   |
   = help: Replace with a single `Literal`

ℹ Safe fix
39 39 | 
40 40 | # Should emit for unions with more than two cases
41 41 | field12: Literal[1] | Literal[2] | Literal[3]  # Error
42    |-field13: Literal[1] | Literal[2] | Literal[3] | Literal[4]  # Error
   42 |+field13: Literal[1, 2, 3, 4]  # Error
43 43 | 
44 44 | # Should emit for unions with more than two cases, even if not directly adjacent
45 45 | field14: Literal[1] | Literal[2] | str | Literal[3]  # Error

PYI030.py:45:10: PYI030 [*] Multiple literal members in a union. Use a single literal, e.g. `Literal[1, 2, 3]`
   |
44 | # Should emit for unions with more than two cases, even if not directly adjacent
45 | field14: Literal[1] | Literal[2] | str | Literal[3]  # Error
   |          ^^^^^^^^^^^^^^^^^^^^^^^^^^^^^^^^^^^^^^^^^^ PYI030
46 |
47 | # Should emit for unions with mixed literal internal types
   |
   = help: Replace with a single `Literal`

ℹ Safe fix
42 42 | field13: Literal[1] | Literal[2] | Literal[3] | Literal[4]  # Error
43 43 | 
44 44 | # Should emit for unions with more than two cases, even if not directly adjacent
45    |-field14: Literal[1] | Literal[2] | str | Literal[3]  # Error
   45 |+field14: Literal[1, 2, 3] | str  # Error
46 46 | 
47 47 | # Should emit for unions with mixed literal internal types
48 48 | field15: Literal[1] | Literal["foo"] | Literal[True]  # Error

PYI030.py:48:10: PYI030 [*] Multiple literal members in a union. Use a single literal, e.g. `Literal[1, "foo", True]`
   |
47 | # Should emit for unions with mixed literal internal types
48 | field15: Literal[1] | Literal["foo"] | Literal[True]  # Error
   |          ^^^^^^^^^^^^^^^^^^^^^^^^^^^^^^^^^^^^^^^^^^^ PYI030
49 |
50 | # Shouldn't emit for duplicate field types with same value; covered by Y016
   |
   = help: Replace with a single `Literal`

ℹ Safe fix
45 45 | field14: Literal[1] | Literal[2] | str | Literal[3]  # Error
46 46 | 
47 47 | # Should emit for unions with mixed literal internal types
48    |-field15: Literal[1] | Literal["foo"] | Literal[True]  # Error
   48 |+field15: Literal[1, "foo", True]  # Error
49 49 | 
50 50 | # Shouldn't emit for duplicate field types with same value; covered by Y016
51 51 | field16: Literal[1] | Literal[1]  # OK

PYI030.py:51:10: PYI030 [*] Multiple literal members in a union. Use a single literal, e.g. `Literal[1, 1]`
   |
50 | # Shouldn't emit for duplicate field types with same value; covered by Y016
51 | field16: Literal[1] | Literal[1]  # OK
   |          ^^^^^^^^^^^^^^^^^^^^^^^ PYI030
52 |
53 | # Shouldn't emit if in new parent type
   |
   = help: Replace with a single `Literal`

ℹ Safe fix
48 48 | field15: Literal[1] | Literal["foo"] | Literal[True]  # Error
49 49 | 
50 50 | # Shouldn't emit for duplicate field types with same value; covered by Y016
51    |-field16: Literal[1] | Literal[1]  # OK
   51 |+field16: Literal[1, 1]  # OK
52 52 | 
53 53 | # Shouldn't emit if in new parent type
54 54 | field17: Literal[1] | dict[Literal[2], str]  # OK

PYI030.py:60:10: PYI030 [*] Multiple literal members in a union. Use a single literal, e.g. `Literal[1, 2]`
   |
59 | # Should respect name of literal type used
60 | field19: typing.Literal[1] | typing.Literal[2]  # Error
   |          ^^^^^^^^^^^^^^^^^^^^^^^^^^^^^^^^^^^^^ PYI030
61 |
62 | # Should emit in cases with newlines
   |
   = help: Replace with a single `Literal`

ℹ Safe fix
57 57 | field18: dict[Literal[1], Literal[2]]  # OK
58 58 | 
59 59 | # Should respect name of literal type used
60    |-field19: typing.Literal[1] | typing.Literal[2]  # Error
   60 |+field19: typing.Literal[1, 2]  # Error
61 61 | 
62 62 | # Should emit in cases with newlines
63 63 | field20: typing.Union[

PYI030.py:63:10: PYI030 [*] Multiple literal members in a union. Use a single literal, e.g. `Literal[1, 2]`
   |
62 |   # Should emit in cases with newlines
63 |   field20: typing.Union[
   |  __________^
64 | |     Literal[
65 | |         1  # test
66 | |     ],
67 | |     Literal[2],
68 | | ]  # Error, newline and comment will not be emitted in message
   | |_^ PYI030
69 |
70 |   # Should handle multiple unions with multiple members
   |
   = help: Replace with a single `Literal`

ℹ Unsafe fix
60 60 | field19: typing.Literal[1] | typing.Literal[2]  # Error
61 61 | 
62 62 | # Should emit in cases with newlines
63    |-field20: typing.Union[
64    |-    Literal[
65    |-        1  # test
66    |-    ],
67    |-    Literal[2],
68    |-]  # Error, newline and comment will not be emitted in message
   63 |+field20: Literal[1, 2]  # Error, newline and comment will not be emitted in message
69 64 | 
70 65 | # Should handle multiple unions with multiple members
71 66 | field21: Literal[1, 2] | Literal[3, 4]  # Error

PYI030.py:71:10: PYI030 [*] Multiple literal members in a union. Use a single literal, e.g. `Literal[1, 2, 3, 4]`
   |
70 | # Should handle multiple unions with multiple members
71 | field21: Literal[1, 2] | Literal[3, 4]  # Error
   |          ^^^^^^^^^^^^^^^^^^^^^^^^^^^^^ PYI030
72 |
73 | # Should emit in cases with `typing.Union` instead of `|`
   |
   = help: Replace with a single `Literal`

ℹ Safe fix
68 68 | ]  # Error, newline and comment will not be emitted in message
69 69 | 
70 70 | # Should handle multiple unions with multiple members
71    |-field21: Literal[1, 2] | Literal[3, 4]  # Error
   71 |+field21: Literal[1, 2, 3, 4]  # Error
72 72 | 
73 73 | # Should emit in cases with `typing.Union` instead of `|`
74 74 | field22: typing.Union[Literal[1], Literal[2]]  # Error

PYI030.py:74:10: PYI030 [*] Multiple literal members in a union. Use a single literal, e.g. `Literal[1, 2]`
   |
73 | # Should emit in cases with `typing.Union` instead of `|`
74 | field22: typing.Union[Literal[1], Literal[2]]  # Error
   |          ^^^^^^^^^^^^^^^^^^^^^^^^^^^^^^^^^^^^ PYI030
75 |
76 | # Should emit in cases with `typing_extensions.Literal`
   |
   = help: Replace with a single `Literal`

ℹ Safe fix
71 71 | field21: Literal[1, 2] | Literal[3, 4]  # Error
72 72 | 
73 73 | # Should emit in cases with `typing.Union` instead of `|`
74    |-field22: typing.Union[Literal[1], Literal[2]]  # Error
   74 |+field22: Literal[1, 2]  # Error
75 75 | 
76 76 | # Should emit in cases with `typing_extensions.Literal`
77 77 | field23: typing_extensions.Literal[1] | typing_extensions.Literal[2]  # Error

PYI030.py:77:10: PYI030 [*] Multiple literal members in a union. Use a single literal, e.g. `Literal[1, 2]`
   |
76 | # Should emit in cases with `typing_extensions.Literal`
77 | field23: typing_extensions.Literal[1] | typing_extensions.Literal[2]  # Error
   |          ^^^^^^^^^^^^^^^^^^^^^^^^^^^^^^^^^^^^^^^^^^^^^^^^^^^^^^^^^^^ PYI030
78 |
79 | # Should emit in cases with nested `typing.Union`
   |
   = help: Replace with a single `Literal`

ℹ Safe fix
74 74 | field22: typing.Union[Literal[1], Literal[2]]  # Error
75 75 | 
76 76 | # Should emit in cases with `typing_extensions.Literal`
77    |-field23: typing_extensions.Literal[1] | typing_extensions.Literal[2]  # Error
   77 |+field23: typing_extensions.Literal[1, 2]  # Error
78 78 | 
79 79 | # Should emit in cases with nested `typing.Union`
80 80 | field24: typing.Union[Literal[1], typing.Union[Literal[2], str]]  # Error

PYI030.py:80:10: PYI030 [*] Multiple literal members in a union. Use a single literal, e.g. `Literal[1, 2]`
   |
79 | # Should emit in cases with nested `typing.Union`
80 | field24: typing.Union[Literal[1], typing.Union[Literal[2], str]]  # Error
   |          ^^^^^^^^^^^^^^^^^^^^^^^^^^^^^^^^^^^^^^^^^^^^^^^^^^^^^^^ PYI030
81 |
82 | # Should emit in cases with mixed `typing.Union` and `|`
   |
   = help: Replace with a single `Literal`

ℹ Safe fix
77 77 | field23: typing_extensions.Literal[1] | typing_extensions.Literal[2]  # Error
78 78 | 
79 79 | # Should emit in cases with nested `typing.Union`
80    |-field24: typing.Union[Literal[1], typing.Union[Literal[2], str]]  # Error
   80 |+field24: typing.Union[Literal[1, 2], str]  # Error
81 81 | 
82 82 | # Should emit in cases with mixed `typing.Union` and `|`
83 83 | field25: typing.Union[Literal[1], Literal[2] | str]  # Error

PYI030.py:83:10: PYI030 [*] Multiple literal members in a union. Use a single literal, e.g. `Literal[1, 2]`
   |
82 | # Should emit in cases with mixed `typing.Union` and `|`
83 | field25: typing.Union[Literal[1], Literal[2] | str]  # Error
   |          ^^^^^^^^^^^^^^^^^^^^^^^^^^^^^^^^^^^^^^^^^^ PYI030
84 |
85 | # Should emit only once in cases with multiple nested `typing.Union`
   |
   = help: Replace with a single `Literal`

ℹ Safe fix
80 80 | field24: typing.Union[Literal[1], typing.Union[Literal[2], str]]  # Error
81 81 | 
82 82 | # Should emit in cases with mixed `typing.Union` and `|`
83    |-field25: typing.Union[Literal[1], Literal[2] | str]  # Error
   83 |+field25: typing.Union[Literal[1, 2], str]  # Error
84 84 | 
85 85 | # Should emit only once in cases with multiple nested `typing.Union`
86 86 | field24: typing.Union[Literal[1], typing.Union[Literal[2], typing.Union[Literal[3], Literal[4]]]]  # Error

PYI030.py:86:10: PYI030 [*] Multiple literal members in a union. Use a single literal, e.g. `Literal[1, 2, 3, 4]`
   |
85 | # Should emit only once in cases with multiple nested `typing.Union`
86 | field24: typing.Union[Literal[1], typing.Union[Literal[2], typing.Union[Literal[3], Literal[4]]]]  # Error
   |          ^^^^^^^^^^^^^^^^^^^^^^^^^^^^^^^^^^^^^^^^^^^^^^^^^^^^^^^^^^^^^^^^^^^^^^^^^^^^^^^^^^^^^^^^ PYI030
87 |
88 | # Should use the first literal subscript attribute when fixing
   |
   = help: Replace with a single `Literal`

ℹ Safe fix
83 83 | field25: typing.Union[Literal[1], Literal[2] | str]  # Error
84 84 | 
85 85 | # Should emit only once in cases with multiple nested `typing.Union`
86    |-field24: typing.Union[Literal[1], typing.Union[Literal[2], typing.Union[Literal[3], Literal[4]]]]  # Error
   86 |+field24: Literal[1, 2, 3, 4]  # Error
87 87 | 
88 88 | # Should use the first literal subscript attribute when fixing
89 89 | field25: typing.Union[typing_extensions.Literal[1], typing.Union[Literal[2], typing.Union[Literal[3], Literal[4]]], str]  # Error

PYI030.py:89:10: PYI030 [*] Multiple literal members in a union. Use a single literal, e.g. `Literal[1, 2, 3, 4]`
   |
88 | # Should use the first literal subscript attribute when fixing
89 | field25: typing.Union[typing_extensions.Literal[1], typing.Union[Literal[2], typing.Union[Literal[3], Literal[4]]], str]  # Error
   |          ^^^^^^^^^^^^^^^^^^^^^^^^^^^^^^^^^^^^^^^^^^^^^^^^^^^^^^^^^^^^^^^^^^^^^^^^^^^^^^^^^^^^^^^^^^^^^^^^^^^^^^^^^^^^^^^ PYI030
90 |
91 | from typing import IO, Literal
   |
   = help: Replace with a single `Literal`

ℹ Safe fix
86 86 | field24: typing.Union[Literal[1], typing.Union[Literal[2], typing.Union[Literal[3], Literal[4]]]]  # Error
87 87 | 
88 88 | # Should use the first literal subscript attribute when fixing
89    |-field25: typing.Union[typing_extensions.Literal[1], typing.Union[Literal[2], typing.Union[Literal[3], Literal[4]]], str]  # Error
   89 |+field25: typing.Union[typing_extensions.Literal[1, 2, 3, 4], str]  # Error
90 90 | 
91 91 | from typing import IO, Literal
92 92 | 

PYI030.py:93:16: PYI030 [*] Multiple literal members in a union. Use a single literal, e.g. `Literal["a", "b"]`
   |
91 | from typing import IO, Literal
92 |
93 | InlineOption = Literal["a"] | Literal["b"] | IO[str]
   |                ^^^^^^^^^^^^^^^^^^^^^^^^^^^^^^^^^^^^^ PYI030
94 |
95 | # Unsafe fix when comments are deleted
   |
   = help: Replace with a single `Literal`

ℹ Safe fix
90 90 | 
91 91 | from typing import IO, Literal
92 92 | 
93    |-InlineOption = Literal["a"] | Literal["b"] | IO[str]
   93 |+InlineOption = Literal["a", "b"] | IO[str]
94 94 | 
95 95 | # Unsafe fix when comments are deleted
96 96 | field26: (

PYI030.py:98:5: PYI030 [*] Multiple literal members in a union. Use a single literal, e.g. `Literal["a", "b", "c", "d"]`
    |
 96 |   field26: (
 97 |       # First group
 98 | /     Literal["a", "b"]
 99 | |     # Second group
100 | |     | Literal["c", "d"]
    | |_______________________^ PYI030
101 |   )
102 |   field27: (
    |
    = help: Replace with a single `Literal`

ℹ Unsafe fix
95  95  | # Unsafe fix when comments are deleted
96  96  | field26: (
97  97  |     # First group
98      |-    Literal["a", "b"]
99      |-    # Second group
100     |-    | Literal["c", "d"]
    98  |+    Literal["a", "b", "c", "d"]
101 99  | )
102 100 | field27: (
103 101 |     Literal["a", "b"]  # First group

PYI030.py:103:5: PYI030 [*] Multiple literal members in a union. Use a single literal, e.g. `Literal["a", "b", "c", "d"]`
    |
101 |   )
102 |   field27: (
103 | /     Literal["a", "b"]  # First group
104 | |     | Literal["c", "d"]  # Second group
    | |_______________________^ PYI030
105 |   )
106 |   field28: (
    |
    = help: Replace with a single `Literal`

ℹ Unsafe fix
100 100 |     | Literal["c", "d"]
101 101 | )
102 102 | field27: (
103     |-    Literal["a", "b"]  # First group
104     |-    | Literal["c", "d"]  # Second group
    103 |+    Literal["a", "b", "c", "d"]  # Second group
105 104 | )
106 105 | field28: (
107 106 |     # First group

PYI030.py:108:5: PYI030 [*] Multiple literal members in a union. Use a single literal, e.g. `Literal[1, 2, 3]`
    |
106 |   field28: (
107 |       # First group
108 | /     Literal[1]
109 | |     # Second group
110 | |     | Literal[2]
111 | |     # Third group
112 | |     | str
113 | |     # Fourth group
114 | |     | Literal[3]
    | |________________^ PYI030
115 |   )
116 |   field29: (
    |
    = help: Replace with a single `Literal`

ℹ Unsafe fix
105 105 | )
106 106 | field28: (
107 107 |     # First group
108     |-    Literal[1]
109     |-    # Second group
110     |-    | Literal[2]
111     |-    # Third group
112     |-    | str
113     |-    # Fourth group
114     |-    | Literal[3]
    108 |+    Literal[1, 2, 3] | str
115 109 | )
116 110 | field29: (
117 111 |     Literal[1]  # First group

PYI030.py:117:5: PYI030 [*] Multiple literal members in a union. Use a single literal, e.g. `Literal[1, 2, 3]`
    |
115 |   )
116 |   field29: (
117 | /     Literal[1]  # First group
118 | |     | Literal[2]  # Second group
119 | |     | str  # Third group
120 | |     | Literal[3]  # Fourth group
    | |________________^ PYI030
121 |   )
122 |   field30: (
    |
    = help: Replace with a single `Literal`

ℹ Unsafe fix
114 114 |     | Literal[3]
115 115 | )
116 116 | field29: (
117     |-    Literal[1]  # First group
118     |-    | Literal[2]  # Second group
119     |-    | str  # Third group
120     |-    | Literal[3]  # Fourth group
    117 |+    Literal[1, 2, 3] | str  # Fourth group
121 118 | )
122 119 | field30: (
123 120 |     Literal[

PYI030.py:123:5: PYI030 [*] Multiple literal members in a union. Use a single literal, e.g. `Literal[1, 2, 3]`
    |
121 |   )
122 |   field30: (
123 | /     Literal[
124 | |         # First group
125 | |         1,
126 | |         # Second group
127 | |         2,
128 | |     ]
129 | |     # Third group
130 | |     | Literal[3],
    | |________________^ PYI030
131 |   )
132 |   field31: (
    |
    = help: Replace with a single `Literal`

ℹ Unsafe fix
120 120 |     | Literal[3]  # Fourth group
121 121 | )
122 122 | field30: (
123     |-    Literal[
124     |-        # First group
125     |-        1,
126     |-        # Second group
127     |-        2,
128     |-    ]
129     |-    # Third group
130     |-    | Literal[3],
    123 |+    Literal[1, 2, 3],
131 124 | )
132 125 | field31: (
133 126 |     Literal[

PYI030.py:133:5: PYI030 [*] Multiple literal members in a union. Use a single literal, e.g. `Literal[1, 2, 3]`
    |
131 |   )
132 |   field31: (
133 | /     Literal[
134 | |         1,  # First group
135 | |         2,  # Second group
136 | |     ]
137 | |     | Literal[3],  # Third group
    | |________________^ PYI030
138 |   )
    |
    = help: Replace with a single `Literal`

ℹ Unsafe fix
130 130 |     | Literal[3],
131 131 | )
132 132 | field31: (
133     |-    Literal[
134     |-        1,  # First group
135     |-        2,  # Second group
136     |-    ]
137     |-    | Literal[3],  # Third group
    133 |+    Literal[1, 2, 3],  # Third group
138 134 | )
139 135 | 
140 136 | 

PYI030.py:144:9: PYI030 [*] Multiple literal members in a union. Use a single literal, e.g. `Literal[1, 2]`
    |
142 |       arg1: (
143 |           # First group
144 | /         Literal[1]
145 | |         # Second group
146 | |         | Literal[2]
    | |____________________^ PYI030
147 |       )
148 |   ):
    |
    = help: Replace with a single `Literal`

ℹ Unsafe fix
141 141 | def field32(
142 142 |     arg1: (
143 143 |         # First group
144     |-        Literal[1]
145     |-        # Second group
146     |-        | Literal[2]
    144 |+        Literal[1, 2]
147 145 |     )
148 146 | ):
149 147 |     print(arg1)

PYI030.py:154:9: PYI030 [*] Multiple literal members in a union. Use a single literal, e.g. `Literal[1, 2]`
    |
152 |   def field33(
153 |       arg1: (
154 | /         Literal[1]  # First group
155 | |         | Literal[2]  # Second group
    | |____________________^ PYI030
156 |       )
157 |   ):
    |
    = help: Replace with a single `Literal`

ℹ Unsafe fix
151 151 | 
152 152 | def field33(
153 153 |     arg1: (
154     |-        Literal[1]  # First group
155     |-        | Literal[2]  # Second group
    154 |+        Literal[1, 2]  # Second group
156 155 |     )
157 156 | ):
158 157 |     print(arg1)

PYI030.py:163:5: PYI030 [*] Multiple literal members in a union. Use a single literal, e.g. `Literal[1, 2]`
    |
161 |   def field34() -> (
162 |       # First group
163 | /     Literal[1]
164 | |     # Second group
165 | |     | Literal[2]
    | |________________^ PYI030
166 |   ):
167 |       return "my Literal[1]ing"
    |
    = help: Replace with a single `Literal`

ℹ Unsafe fix
160 160 | 
161 161 | def field34() -> (
162 162 |     # First group
163     |-    Literal[1]
164     |-    # Second group
165     |-    | Literal[2]
    163 |+    Literal[1, 2]
166 164 | ):
167 165 |     return "my Literal[1]ing"
168 166 | 

PYI030.py:171:9: PYI030 [*] Multiple literal members in a union. Use a single literal, e.g. `Literal[1, 2]`
    |
170 |   def field35() -> (
171 | /         Literal[1]  # First group
172 | |         | Literal[2]  # Second group
    | |____________________^ PYI030
173 |   ):
174 |       return "my Literal[1]ing"
    |
    = help: Replace with a single `Literal`

ℹ Unsafe fix
168 168 | 
169 169 | 
170 170 | def field35() -> (
171     |-        Literal[1]  # First group
172     |-        | Literal[2]  # Second group
    171 |+        Literal[1, 2]  # Second group
173 172 | ):
174 173 |     return "my Literal[1]ing"
