---
source: crates/ruff_linter/src/rules/pylint/mod.rs
---
shallow_copy_environ_1.py:8:7: PLW1507 [*] Shallow copy of `os.environ` via `copy.copy(os.environ)`
  |
7 | os.environ["X"] = "0"
8 | env = copy.copy(os.environ)
  |       ^^^^^^^^^^^^^^^^^^^^^ PLW1507
9 | os.environ["X"] = "1"
  |
  = help: Replace with `os.environ.copy()`

â„¹ Unsafe fix
5 5 | import os
6 6 | 
7 7 | os.environ["X"] = "0"
8   |-env = copy.copy(os.environ)
  8 |+env = os.environ.copy()
9 9 | os.environ["X"] = "1"
